// Jest Snapshot v1, https://goo.gl/fbAQLP

exports[`ViewEditor Component should render tree 1`] = `
<View
  onLayout={[Function]}
  onMoveShouldSetResponder={[Function]}
  onMoveShouldSetResponderCapture={[Function]}
  onResponderEnd={[Function]}
  onResponderGrant={[Function]}
  onResponderMove={[Function]}
  onResponderReject={[Function]}
  onResponderRelease={[Function]}
  onResponderStart={[Function]}
  onResponderTerminate={[Function]}
  onResponderTerminationRequest={[Function]}
  onStartShouldSetResponder={[Function]}
  onStartShouldSetResponderCapture={[Function]}
  style={
    Object {
      "transform": Array [
        Object {
          "translateX": 0,
        },
        Object {
          "translateY": 0,
        },
        Object {
          "scale": 1,
        },
        Object {
          "rotate": "0deg0",
        },
      ],
    }
  }
>
  <View>
    <Text
      accessible={true}
      allowFontScaling={true}
      ellipsizeMode="tail"
    >
      Hello World
    </Text>
  </View>
</View>
`;
